Archive member included to satisfy reference by file (symbol)

/opt/homebrew/Cellar/arm-none-eabi-gcc/16.1.0/lib/gcc/arm-none-eabi/16.1.0/thumb/v6-m/nofp/libgcc.a(_udivsi3.o)
                              build/main.o (__aeabi_uidiv)
/opt/homebrew/Cellar/arm-none-eabi-gcc/16.1.0/lib/gcc/arm-none-eabi/16.1.0/thumb/v6-m/nofp/libgcc.a(_dvmd_tls.o)
                              /opt/homebrew/Cellar/arm-none-eabi-gcc/16.1.0/lib/gcc/arm-none-eabi/16.1.0/thumb/v6-m/nofp/libgcc.a(_udivsi3.o) (__aeabi_idiv0)

Merging object attributes


Discarded input sections

 .text          0x00000000        0x0 build/main.o
 .data          0x00000000        0x0 build/main.o
 .bss           0x00000000        0x0 build/main.o
 .text          0x00000000        0x0 build/stm32c0xx_it.o
 .data          0x00000000        0x0 build/stm32c0xx_it.o
 .bss           0x00000000        0x0 build/stm32c0xx_it.o
 .text          0x00000000        0x0 build/crt_stub.o
 .data          0x00000000        0x0 build/crt_stub.o
 .bss           0x00000000        0x0 build/crt_stub.o
 .text          0x00000000        0x0 build/libc_stubs.o
 .data          0x00000000        0x0 build/libc_stubs.o
 .bss           0x00000000        0x0 build/libc_stubs.o
 .bss.errno     0x00000000        0x4 build/libc_stubs.o
 .debug_info    0x00000000       0x3d build/libc_stubs.o
 .debug_abbrev  0x00000000       0x37 build/libc_stubs.o
 .debug_aranges
                0x00000000       0x18 build/libc_stubs.o
 .debug_line    0x00000000       0x9c build/libc_stubs.o
 .debug_str     0x00000000       0xe5 build/libc_stubs.o
 .comment       0x00000000       0x13 build/libc_stubs.o
 .ARM.attributes
                0x00000000       0x2c build/libc_stubs.o
 .text          0x00000000        0x0 build/memset.o
 .data          0x00000000        0x0 build/memset.o
 .bss           0x00000000        0x0 build/memset.o
 .text          0x00000000        0x0 build/system_stm32c0xx.o
 .data          0x00000000        0x0 build/system_stm32c0xx.o
 .bss           0x00000000        0x0 build/system_stm32c0xx.o
 .text.SystemCoreClockUpdate
                0x00000000       0x6c build/system_stm32c0xx.o
 .rodata.APBPrescTable
                0x00000000       0x20 build/system_stm32c0xx.o
 .rodata.AHBPrescTable
                0x00000000       0x40 build/system_stm32c0xx.o
 .text          0x00000000        0x0 build/stm32c0xx_ll_gpio.o
 .data          0x00000000        0x0 build/stm32c0xx_ll_gpio.o
 .bss           0x00000000        0x0 build/stm32c0xx_ll_gpio.o
 .text.LL_GPIO_DeInit
                0x00000000       0x94 build/stm32c0xx_ll_gpio.o
 .text.LL_GPIO_StructInit
                0x00000000       0x18 build/stm32c0xx_ll_gpio.o
 .text          0x00000000        0x0 build/stm32c0xx_ll_rcc.o
 .data          0x00000000        0x0 build/stm32c0xx_ll_rcc.o
 .bss           0x00000000        0x0 build/stm32c0xx_ll_rcc.o
 .text.LL_RCC_DeInit
                0x00000000       0x74 build/stm32c0xx_ll_rcc.o
 .text.LL_RCC_GetRTCClockFreq
                0x00000000       0x5c build/stm32c0xx_ll_rcc.o
 .text.RCC_GetSystemClockFreq
                0x00000000       0x54 build/stm32c0xx_ll_rcc.o
 .text.LL_RCC_GetI2SClockFreq
                0x00000000       0x58 build/stm32c0xx_ll_rcc.o
 .text.LL_RCC_GetADCClockFreq
                0x00000000       0x50 build/stm32c0xx_ll_rcc.o
 .text.RCC_GetHCLKClockFreq
                0x00000000       0x20 build/stm32c0xx_ll_rcc.o
 .text.RCC_GetPCLK1ClockFreq
                0x00000000       0x20 build/stm32c0xx_ll_rcc.o
 .text.LL_RCC_GetSystemClocksFreq
                0x00000000       0x18 build/stm32c0xx_ll_rcc.o
 .text.LL_RCC_GetUSARTClockFreq
                0x00000000       0x88 build/stm32c0xx_ll_rcc.o
 .text.LL_RCC_GetI2CClockFreq
                0x00000000       0x64 build/stm32c0xx_ll_rcc.o
 .debug_info    0x00000000      0x84c build/stm32c0xx_ll_rcc.o
 .debug_abbrev  0x00000000      0x285 build/stm32c0xx_ll_rcc.o
 .debug_loclists
                0x00000000      0x348 build/stm32c0xx_ll_rcc.o
 .debug_aranges
                0x00000000       0x68 build/stm32c0xx_ll_rcc.o
 .debug_rnglists
                0x00000000       0x4a build/stm32c0xx_ll_rcc.o
 .debug_line    0x00000000      0x6ef build/stm32c0xx_ll_rcc.o
 .debug_str     0x00000000      0x5bd build/stm32c0xx_ll_rcc.o
 .comment       0x00000000       0x13 build/stm32c0xx_ll_rcc.o
 .debug_frame   0x00000000       0xd8 build/stm32c0xx_ll_rcc.o
 .ARM.attributes
                0x00000000       0x2c build/stm32c0xx_ll_rcc.o
 .text          0x00000000        0x0 build/stm32c0xx_ll_utils.o
 .data          0x00000000        0x0 build/stm32c0xx_ll_utils.o
 .bss           0x00000000        0x0 build/stm32c0xx_ll_utils.o
 .text.LL_mDelay
                0x00000000       0x28 build/stm32c0xx_ll_utils.o
 .text.LL_SetFlashLatency
                0x00000000       0x50 build/stm32c0xx_ll_utils.o
 .text          0x00000000        0x0 build/stm32c0xx_ll_i2c.o
 .data          0x00000000        0x0 build/stm32c0xx_ll_i2c.o
 .bss           0x00000000        0x0 build/stm32c0xx_ll_i2c.o
 .text.LL_I2C_DeInit
                0x00000000       0x30 build/stm32c0xx_ll_i2c.o
 .text.LL_I2C_StructInit
                0x00000000       0x16 build/stm32c0xx_ll_i2c.o
 .text          0x00000000        0x0 build/stm32c0xx_ll_pwr.o
 .data          0x00000000        0x0 build/stm32c0xx_ll_pwr.o
 .bss           0x00000000        0x0 build/stm32c0xx_ll_pwr.o
 .text.LL_PWR_DeInit
                0x00000000       0x20 build/stm32c0xx_ll_pwr.o
 .debug_info    0x00000000      0x27a build/stm32c0xx_ll_pwr.o
 .debug_abbrev  0x00000000      0x13b build/stm32c0xx_ll_pwr.o
 .debug_loclists
                0x00000000       0x28 build/stm32c0xx_ll_pwr.o
 .debug_aranges
                0x00000000       0x20 build/stm32c0xx_ll_pwr.o
 .debug_rnglists
                0x00000000       0x13 build/stm32c0xx_ll_pwr.o
 .debug_line    0x00000000      0x1c4 build/stm32c0xx_ll_pwr.o
 .debug_str     0x00000000      0x2b0 build/stm32c0xx_ll_pwr.o
 .comment       0x00000000       0x13 build/stm32c0xx_ll_pwr.o
 .debug_frame   0x00000000       0x20 build/stm32c0xx_ll_pwr.o
 .ARM.attributes
                0x00000000       0x2c build/stm32c0xx_ll_pwr.o
 .text          0x00000000        0x0 build/stm32c0xx_ll_adc.o
 .data          0x00000000        0x0 build/stm32c0xx_ll_adc.o
 .bss           0x00000000        0x0 build/stm32c0xx_ll_adc.o
 .text.LL_ADC_CommonDeInit
                0x00000000       0x20 build/stm32c0xx_ll_adc.o
 .text.LL_ADC_CommonInit
                0x00000000       0x24 build/stm32c0xx_ll_adc.o
 .text.LL_ADC_CommonStructInit
                0x00000000        0x8 build/stm32c0xx_ll_adc.o
 .text.LL_ADC_DeInit
                0x00000000      0x134 build/stm32c0xx_ll_adc.o
 .text.LL_ADC_StructInit
                0x00000000       0x10 build/stm32c0xx_ll_adc.o
 .text.LL_ADC_REG_StructInit
                0x00000000       0x16 build/stm32c0xx_ll_adc.o
 .text          0x00000000        0x0 build/syscalls.o
 .data          0x00000000        0x0 build/syscalls.o
 .bss           0x00000000        0x0 build/syscalls.o
 .text.initialise_monitor_handles
                0x00000000        0x2 build/syscalls.o
 .text._getpid  0x00000000        0x4 build/syscalls.o
 .text._kill    0x00000000       0x10 build/syscalls.o
 .text._exit    0x00000000        0xc build/syscalls.o
 .text._read    0x00000000       0x1c build/syscalls.o
 .text._write   0x00000000       0x1c build/syscalls.o
 .text._close   0x00000000        0x6 build/syscalls.o
 .text._fstat   0x00000000        0xa build/syscalls.o
 .text._isatty  0x00000000        0x4 build/syscalls.o
 .text._lseek   0x00000000        0x4 build/syscalls.o
 .text._open    0x00000000        0xa build/syscalls.o
 .text._wait    0x00000000       0x10 build/syscalls.o
 .text._unlink  0x00000000       0x10 build/syscalls.o
 .text._times   0x00000000        0x6 build/syscalls.o
 .text._stat    0x00000000        0xa build/syscalls.o
 .text._link    0x00000000       0x10 build/syscalls.o
 .text._fork    0x00000000       0x10 build/syscalls.o
 .text._execve  0x00000000       0x10 build/syscalls.o
 .data.environ  0x00000000        0x4 build/syscalls.o
 .bss.__env     0x00000000        0x4 build/syscalls.o
 .debug_info    0x00000000      0x556 build/syscalls.o
 .debug_abbrev  0x00000000      0x1d6 build/syscalls.o
 .debug_loclists
                0x00000000      0x27b build/syscalls.o
 .debug_aranges
                0x00000000       0xa8 build/syscalls.o
 .debug_rnglists
                0x00000000       0x79 build/syscalls.o
 .debug_line    0x00000000      0x420 build/syscalls.o
 .debug_str     0x00000000      0x2de build/syscalls.o
 .comment       0x00000000       0x13 build/syscalls.o
 .debug_frame   0x00000000      0x154 build/syscalls.o
 .ARM.attributes
                0x00000000       0x2c build/syscalls.o
 .text          0x00000000        0x0 build/sysmem_local.o
 .data          0x00000000        0x0 build/sysmem_local.o
 .bss           0x00000000        0x0 build/sysmem_local.o
 .text._sbrk    0x00000000       0x48 build/sysmem_local.o
 .bss.__sbrk_heap_end
                0x00000000        0x4 build/sysmem_local.o
 .debug_info    0x00000000      0x14a build/sysmem_local.o
 .debug_abbrev  0x00000000       0xca build/sysmem_local.o
 .debug_loclists
                0x00000000       0x6d build/sysmem_local.o
 .debug_aranges
                0x00000000       0x20 build/sysmem_local.o
 .debug_rnglists
                0x00000000       0x13 build/sysmem_local.o
 .debug_line    0x00000000      0x11e build/sysmem_local.o
 .debug_str     0x00000000      0x1db build/sysmem_local.o
 .comment       0x00000000       0x13 build/sysmem_local.o
 .debug_frame   0x00000000       0x20 build/sysmem_local.o
 .ARM.attributes
                0x00000000       0x2c build/sysmem_local.o
 .text          0x00000000       0x14 build/startup_stm32c031c6tx.o
 .data          0x00000000        0x0 build/startup_stm32c031c6tx.o
 .bss           0x00000000        0x0 build/startup_stm32c031c6tx.o
 .data          0x00000000        0x0 /opt/homebrew/Cellar/arm-none-eabi-gcc/16.1.0/lib/gcc/arm-none-eabi/16.1.0/thumb/v6-m/nofp/libgcc.a(_udivsi3.o)
 .bss           0x00000000        0x0 /opt/homebrew/Cellar/arm-none-eabi-gcc/16.1.0/lib/gcc/arm-none-eabi/16.1.0/thumb/v6-m/nofp/libgcc.a(_udivsi3.o)
 .data          0x00000000        0x0 /opt/homebrew/Cellar/arm-none-eabi-gcc/16.1.0/lib/gcc/arm-none-eabi/16.1.0/thumb/v6-m/nofp/libgcc.a(_dvmd_tls.o)
 .bss           0x00000000        0x0 /opt/homebrew/Cellar/arm-none-eabi-gcc/16.1.0/lib/gcc/arm-none-eabi/16.1.0/thumb/v6-m/nofp/libgcc.a(_dvmd_tls.o)

Memory Configuration

Name             Origin             Length             Attributes
RAM              0x20000000         0x00003000         xrw
FLASH            0x08000000         0x00004000         xr
*default*        0x00000000         0xffffffff

Linker script and memory map

LOAD build/main.o
LOAD build/stm32c0xx_it.o
LOAD build/crt_stub.o
LOAD build/libc_stubs.o
LOAD build/memset.o
LOAD build/system_stm32c0xx.o
LOAD build/stm32c0xx_ll_gpio.o
LOAD build/stm32c0xx_ll_rcc.o
LOAD build/stm32c0xx_ll_utils.o
LOAD build/stm32c0xx_ll_i2c.o
LOAD build/stm32c0xx_ll_pwr.o
LOAD build/stm32c0xx_ll_adc.o
LOAD build/syscalls.o
LOAD build/sysmem_local.o
LOAD build/startup_stm32c031c6tx.o
LOAD /opt/homebrew/Cellar/arm-none-eabi-gcc/16.1.0/lib/gcc/arm-none-eabi/16.1.0/thumb/v6-m/nofp/libgcc.a
                0x20003000                        _estack = (ORIGIN (RAM) + LENGTH (RAM))
                0x00000200                        _Min_Heap_Size = 0x200
                0x00000400                        _Min_Stack_Size = 0x400

.isr_vector     0x08000000       0xc0
                0x08000000                        . = ALIGN (0x4)
 *(.isr_vector)
 .isr_vector    0x08000000       0xc0 build/startup_stm32c031c6tx.o
                0x08000000                g_pfnVectors
                0x080000c0                        . = ALIGN (0x4)

.text           0x080000c0      0xab4
                0x080000c0                        . = ALIGN (0x4)
 *(.text)
 .text          0x080000c0      0x114 /opt/homebrew/Cellar/arm-none-eabi-gcc/16.1.0/lib/gcc/arm-none-eabi/16.1.0/thumb/v6-m/nofp/libgcc.a(_udivsi3.o)
                0x080000c0                __udivsi3
                0x080000c0                __aeabi_uidiv
                0x080001cc                __aeabi_uidivmod
 .text          0x080001d4        0x4 /opt/homebrew/Cellar/arm-none-eabi-gcc/16.1.0/lib/gcc/arm-none-eabi/16.1.0/thumb/v6-m/nofp/libgcc.a(_dvmd_tls.o)
                0x080001d4                __aeabi_ldiv0
                0x080001d4                __aeabi_idiv0
 *(.text*)
 .text.Matrix_GPIO_SetMuxAddress
                0x080001d8       0x32 build/main.o
 .text.Matrix_MuxSelect
                0x0800020a       0x60 build/main.o
 *fill*         0x0800026a        0x2 
 .text.Matrix_ADC_ConfigureChannel
                0x0800026c       0x30 build/main.o
 .text.Matrix_ADC_ReadUint12
                0x0800029c       0x54 build/main.o
 .text.Matrix_ADC_Activate
                0x080002f0       0xac build/main.o
 .text.MX_MATRIX_GPIO_Init
                0x0800039c       0x68 build/main.o
 .text.MX_ADC1_Init
                0x08000404       0xc0 build/main.o
 .text.MX_I2C1_Init
                0x080004c4      0x118 build/main.o
 .text.SystemClock_Config
                0x080005dc       0xa0 build/main.o
                0x080005dc                SystemClock_Config
 .text.Hall_RefreshPayload
                0x0800067c       0x90 build/main.o
                0x0800067c                Hall_RefreshPayload
 .text.main     0x0800070c       0x6c build/main.o
                0x0800070c                main
 .text.hall_select_tx_buffer
                0x08000778       0x28 build/stm32c0xx_it.o
 .text.NMI_Handler
                0x080007a0        0x2 build/stm32c0xx_it.o
                0x080007a0                NMI_Handler
 .text.HardFault_Handler
                0x080007a2        0x2 build/stm32c0xx_it.o
                0x080007a2                HardFault_Handler
 .text.SVC_Handler
                0x080007a4        0x2 build/stm32c0xx_it.o
                0x080007a4                SVC_Handler
 .text.PendSV_Handler
                0x080007a6        0x2 build/stm32c0xx_it.o
                0x080007a6                PendSV_Handler
 .text.SysTick_Handler
                0x080007a8        0x2 build/stm32c0xx_it.o
                0x080007a8                SysTick_Handler
 *fill*         0x080007aa        0x2 
 .text.I2C1_IRQHandler
                0x080007ac      0x148 build/stm32c0xx_it.o
                0x080007ac                I2C1_IRQHandler
 .text.__libc_init_array
                0x080008f4        0x2 build/crt_stub.o
                0x080008f4                __libc_init_array
 .text.memset   0x080008f6       0x1a build/memset.o
                0x080008f6                memset
 .text.SystemInit
                0x08000910       0x10 build/system_stm32c0xx.o
                0x08000910                SystemInit
 .text.LL_GPIO_Init
                0x08000920       0xba build/stm32c0xx_ll_gpio.o
                0x08000920                LL_GPIO_Init
 *fill*         0x080009da        0x2 
 .text.LL_Init1msTick
                0x080009dc       0x20 build/stm32c0xx_ll_utils.o
                0x080009dc                LL_Init1msTick
 .text.LL_SetSystemCoreClock
                0x080009fc        0xc build/stm32c0xx_ll_utils.o
                0x080009fc                LL_SetSystemCoreClock
 .text.LL_I2C_Init
                0x08000a08       0x7c build/stm32c0xx_ll_i2c.o
                0x08000a08                LL_I2C_Init
 .text.LL_ADC_Init
                0x08000a84       0x34 build/stm32c0xx_ll_adc.o
                0x08000a84                LL_ADC_Init
 .text.LL_ADC_REG_Init
                0x08000ab8       0x68 build/stm32c0xx_ll_adc.o
                0x08000ab8                LL_ADC_REG_Init
 .text.Reset_Handler
                0x08000b20       0x50 build/startup_stm32c031c6tx.o
                0x08000b20                Reset_Handler
 .text.Default_Handler
                0x08000b70        0x2 build/startup_stm32c031c6tx.o
                0x08000b70                TIM1_BRK_UP_TRG_COM_IRQHandler
                0x08000b70                DMAMUX1_IRQHandler
                0x08000b70                SPI1_IRQHandler
                0x08000b70                EXTI2_3_IRQHandler
                0x08000b70                ADC1_IRQHandler
                0x08000b70                TIM17_IRQHandler
                0x08000b70                RTC_IRQHandler
                0x08000b70                TIM16_IRQHandler
                0x08000b70                TIM3_IRQHandler
                0x08000b70                EXTI4_15_IRQHandler
                0x08000b70                RCC_IRQHandler
                0x08000b70                DMA1_Channel1_IRQHandler
                0x08000b70                Default_Handler
                0x08000b70                TIM14_IRQHandler
                0x08000b70                EXTI0_1_IRQHandler
                0x08000b70                WWDG_IRQHandler
                0x08000b70                DMA1_Channel2_3_IRQHandler
                0x08000b70                USART2_IRQHandler
                0x08000b70                FLASH_IRQHandler
                0x08000b70                USART1_IRQHandler
                0x08000b70                TIM1_CC_IRQHandler
 *(.glue_7)
 .glue_7        0x08000b72        0x0 linker stubs
 *(.glue_7t)
 .glue_7t       0x08000b72        0x0 linker stubs
 *(.eh_frame)
 *(.init)
 *(.fini)
                0x08000b74                        . = ALIGN (0x4)
 *fill*         0x08000b72        0x2 
                0x08000b74                        _etext = .

.vfp11_veneer   0x08000b74        0x0
 .vfp11_veneer  0x08000b74        0x0 linker stubs

.v4_bx          0x08000b74        0x0
 .v4_bx         0x08000b74        0x0 linker stubs

.iplt           0x08000b74        0x0
 .iplt          0x08000b74        0x0 build/main.o

.rel.dyn        0x08000b74        0x0
 .rel.iplt      0x08000b74        0x0 build/main.o

.rodata         0x08000b74        0x0
                0x08000b74                        . = ALIGN (0x4)
 *(.rodata)
 *(.rodata*)
                0x08000b74                        . = ALIGN (0x4)

.ARM.extab      0x08000b74        0x0
                0x08000b74                        . = ALIGN (0x4)
 *(.ARM.extab* .gnu.linkonce.armextab.*)
                0x08000b74                        . = ALIGN (0x4)

.ARM            0x08000b74        0x0
                0x08000b74                        . = ALIGN (0x4)
                0x08000b74                        __exidx_start = .
 *(.ARM.exidx*)
                0x08000b74                        __exidx_end = .
                0x08000b74                        . = ALIGN (0x4)

.preinit_array  0x08000b74        0x0
                0x08000b74                        . = ALIGN (0x4)
                [!provide]                        PROVIDE (__preinit_array_start = .)
 *(.preinit_array*)
                [!provide]                        PROVIDE (__preinit_array_end = .)
                0x08000b74                        . = ALIGN (0x4)

.init_array     0x08000b74        0x0
                0x08000b74                        . = ALIGN (0x4)
                [!provide]                        PROVIDE (__init_array_start = .)
 *(SORT_BY_NAME(.init_array.*))
 *(.init_array*)
                [!provide]                        PROVIDE (__init_array_end = .)
                0x08000b74                        . = ALIGN (0x4)

.fini_array     0x08000b74        0x0
                0x08000b74                        . = ALIGN (0x4)
                [!provide]                        PROVIDE (__fini_array_start = .)
 *(SORT_BY_NAME(.fini_array.*))
 *(.fini_array*)
                [!provide]                        PROVIDE (__fini_array_end = .)
                0x08000b74                        . = ALIGN (0x4)
                0x08000b74                        _sidata = LOADADDR (.data)

.data           0x20000000        0x4 load address 0x08000b74
                0x20000000                        . = ALIGN (0x4)
                0x20000000                        _sdata = .
 *(.data)
 *(.data*)
 .data.SystemCoreClock
                0x20000000        0x4 build/system_stm32c0xx.o
                0x20000000                SystemCoreClock
 *(.RamFunc)
 *(.RamFunc*)
                0x20000004                        . = ALIGN (0x4)
                0x20000004                        _edata = .

.igot.plt       0x20000004        0x0 load address 0x08000b78
 .igot.plt      0x20000004        0x0 build/main.o
                0x20000004                        . = ALIGN (0x4)

.bss            0x20000004       0x8c load address 0x08000b78
                0x20000004                        _sbss = .
                0x20000004                        __bss_start__ = _sbss
 *(.bss)
 *(.bss*)
 .bss.g_hall_active_tx
                0x20000004        0x4 build/main.o
                0x20000004                g_hall_active_tx
 .bss.g_hall_payload_ver
                0x20000008       0x40 build/main.o
                0x20000008                g_hall_payload_ver
 .bss.g_hall_payload_raw
                0x20000048       0x40 build/main.o
                0x20000048                g_hall_payload_raw
 .bss.g_hall_tx_idx
                0x20000088        0x4 build/main.o
                0x20000088                g_hall_tx_idx
 .bss.g_hall_pointer_reg
                0x2000008c        0x1 build/main.o
                0x2000008c                g_hall_pointer_reg
 *(COMMON)
                0x20000090                        . = ALIGN (0x4)
 *fill*         0x2000008d        0x3 
                0x20000090                        _ebss = .
                0x20000090                        __bss_end__ = _ebss

._user_heap_stack
                0x20000090      0x600 load address 0x08000b78
                0x20000090                        . = ALIGN (0x8)
                [!provide]                        PROVIDE (end = .)
                0x20000090                        PROVIDE (_end = .)
                0x20000290                        . = (. + _Min_Heap_Size)
 *fill*         0x20000090      0x200 
                0x20000690                        . = (. + _Min_Stack_Size)
 *fill*         0x20000290      0x400 
                0x20000690                        . = ALIGN (0x8)

.ARM.attributes
                0x00000000       0x2a
 *(.ARM.attributes)
 .ARM.attributes
                0x00000000       0x2c build/main.o
 .ARM.attributes
                0x0000002c       0x2c build/stm32c0xx_it.o
 .ARM.attributes
                0x00000058       0x2c build/crt_stub.o
 .ARM.attributes
                0x00000084       0x2c build/memset.o
 .ARM.attributes
                0x000000b0       0x2c build/system_stm32c0xx.o
 .ARM.attributes
                0x000000dc       0x2c build/stm32c0xx_ll_gpio.o
 .ARM.attributes
                0x00000108       0x2c build/stm32c0xx_ll_utils.o
 .ARM.attributes
                0x00000134       0x2c build/stm32c0xx_ll_i2c.o
 .ARM.attributes
                0x00000160       0x2c build/stm32c0xx_ll_adc.o
 .ARM.attributes
                0x0000018c       0x22 build/startup_stm32c031c6tx.o
 .ARM.attributes
                0x000001ae       0x1e /opt/homebrew/Cellar/arm-none-eabi-gcc/16.1.0/lib/gcc/arm-none-eabi/16.1.0/thumb/v6-m/nofp/libgcc.a(_udivsi3.o)
 .ARM.attributes
                0x000001cc       0x1e /opt/homebrew/Cellar/arm-none-eabi-gcc/16.1.0/lib/gcc/arm-none-eabi/16.1.0/thumb/v6-m/nofp/libgcc.a(_dvmd_tls.o)
OUTPUT(build/stm32_hall_c031.elf elf32-littlearm)
LOAD linker stubs

.debug_info     0x00000000     0x4e73
 .debug_info    0x00000000     0x22d2 build/main.o
 .debug_info    0x000022d2      0x8ca build/stm32c0xx_it.o
 .debug_info    0x00002b9c       0x39 build/crt_stub.o
 .debug_info    0x00002bd5       0xea build/memset.o
 .debug_info    0x00002cbf      0x355 build/system_stm32c0xx.o
 .debug_info    0x00003014      0x808 build/stm32c0xx_ll_gpio.o
 .debug_info    0x0000381c      0x3be build/stm32c0xx_ll_utils.o
 .debug_info    0x00003bda      0x708 build/stm32c0xx_ll_i2c.o
 .debug_info    0x000042e2      0xb17 build/stm32c0xx_ll_adc.o
 .debug_info    0x00004df9       0x3e /opt/homebrew/Cellar/arm-none-eabi-gcc/16.1.0/lib/gcc/arm-none-eabi/16.1.0/thumb/v6-m/nofp/libgcc.a(_udivsi3.o)
 .debug_info    0x00004e37       0x3c /opt/homebrew/Cellar/arm-none-eabi-gcc/16.1.0/lib/gcc/arm-none-eabi/16.1.0/thumb/v6-m/nofp/libgcc.a(_dvmd_tls.o)

.debug_abbrev   0x00000000     0x110a
 .debug_abbrev  0x00000000      0x492 build/main.o
 .debug_abbrev  0x00000492      0x1d0 build/stm32c0xx_it.o
 .debug_abbrev  0x00000662       0x2d build/crt_stub.o
 .debug_abbrev  0x0000068f       0x90 build/memset.o
 .debug_abbrev  0x0000071f      0x114 build/system_stm32c0xx.o
 .debug_abbrev  0x00000833      0x1f7 build/stm32c0xx_ll_gpio.o
 .debug_abbrev  0x00000a2a      0x244 build/stm32c0xx_ll_utils.o
 .debug_abbrev  0x00000c6e      0x1ce build/stm32c0xx_ll_i2c.o
 .debug_abbrev  0x00000e3c      0x280 build/stm32c0xx_ll_adc.o
 .debug_abbrev  0x000010bc       0x28 /opt/homebrew/Cellar/arm-none-eabi-gcc/16.1.0/lib/gcc/arm-none-eabi/16.1.0/thumb/v6-m/nofp/libgcc.a(_udivsi3.o)
 .debug_abbrev  0x000010e4       0x26 /opt/homebrew/Cellar/arm-none-eabi-gcc/16.1.0/lib/gcc/arm-none-eabi/16.1.0/thumb/v6-m/nofp/libgcc.a(_dvmd_tls.o)

.debug_loclists
                0x00000000     0x1111
 .debug_loclists
                0x00000000      0x665 build/main.o
 .debug_loclists
                0x00000665      0x1e4 build/stm32c0xx_it.o
 .debug_loclists
                0x00000849       0x91 build/memset.o
 .debug_loclists
                0x000008da       0x26 build/system_stm32c0xx.o
 .debug_loclists
                0x00000900      0x241 build/stm32c0xx_ll_gpio.o
 .debug_loclists
                0x00000b41      0x11c build/stm32c0xx_ll_utils.o
 .debug_loclists
                0x00000c5d      0x19d build/stm32c0xx_ll_i2c.o
 .debug_loclists
                0x00000dfa      0x317 build/stm32c0xx_ll_adc.o

.debug_aranges  0x00000000      0x258
 .debug_aranges
                0x00000000       0x70 build/main.o
 .debug_aranges
                0x00000070       0x50 build/stm32c0xx_it.o
 .debug_aranges
                0x000000c0       0x20 build/crt_stub.o
 .debug_aranges
                0x000000e0       0x20 build/memset.o
 .debug_aranges
                0x00000100       0x28 build/system_stm32c0xx.o
 .debug_aranges
                0x00000128       0x30 build/stm32c0xx_ll_gpio.o
 .debug_aranges
                0x00000158       0x38 build/stm32c0xx_ll_utils.o
 .debug_aranges
                0x00000190       0x30 build/stm32c0xx_ll_i2c.o
 .debug_aranges
                0x000001c0       0x58 build/stm32c0xx_ll_adc.o
 .debug_aranges
                0x00000218       0x20 /opt/homebrew/Cellar/arm-none-eabi-gcc/16.1.0/lib/gcc/arm-none-eabi/16.1.0/thumb/v6-m/nofp/libgcc.a(_udivsi3.o)
 .debug_aranges
                0x00000238       0x20 /opt/homebrew/Cellar/arm-none-eabi-gcc/16.1.0/lib/gcc/arm-none-eabi/16.1.0/thumb/v6-m/nofp/libgcc.a(_dvmd_tls.o)

.debug_rnglists
                0x00000000      0x1aa
 .debug_rnglists
                0x00000000       0x84 build/main.o
 .debug_rnglists
                0x00000084       0x44 build/stm32c0xx_it.o
 .debug_rnglists
                0x000000c8       0x13 build/crt_stub.o
 .debug_rnglists
                0x000000db       0x13 build/memset.o
 .debug_rnglists
                0x000000ee       0x19 build/system_stm32c0xx.o
 .debug_rnglists
                0x00000107       0x21 build/stm32c0xx_ll_gpio.o
 .debug_rnglists
                0x00000128       0x25 build/stm32c0xx_ll_utils.o
 .debug_rnglists
                0x0000014d       0x1f build/stm32c0xx_ll_i2c.o
 .debug_rnglists
                0x0000016c       0x3e build/stm32c0xx_ll_adc.o

.debug_line     0x00000000     0x25ea
 .debug_line    0x00000000      0xd00 build/main.o
 .debug_line    0x00000d00      0x4e2 build/stm32c0xx_it.o
 .debug_line    0x000011e2       0x41 build/crt_stub.o
 .debug_line    0x00001223       0xf2 build/memset.o
 .debug_line    0x00001315      0x1ff build/system_stm32c0xx.o
 .debug_line    0x00001514      0x40f build/stm32c0xx_ll_gpio.o
 .debug_line    0x00001923      0x32e build/stm32c0xx_ll_utils.o
 .debug_line    0x00001c51      0x332 build/stm32c0xx_ll_i2c.o
 .debug_line    0x00001f83      0x5c7 build/stm32c0xx_ll_adc.o
 .debug_line    0x0000254a       0x56 /opt/homebrew/Cellar/arm-none-eabi-gcc/16.1.0/lib/gcc/arm-none-eabi/16.1.0/thumb/v6-m/nofp/libgcc.a(_udivsi3.o)
 .debug_line    0x000025a0       0x4a /opt/homebrew/Cellar/arm-none-eabi-gcc/16.1.0/lib/gcc/arm-none-eabi/16.1.0/thumb/v6-m/nofp/libgcc.a(_dvmd_tls.o)

.debug_str      0x00000000     0x17c8
 .debug_str     0x00000000     0x17c8 build/main.o
                                0xf13 (size before relaxing)
 .debug_str     0x000017c8        0x0 build/stm32c0xx_it.o
                                0x4a2 (size before relaxing)
 .debug_str     0x000017c8        0x0 build/crt_stub.o
                                 0xef (size before relaxing)
 .debug_str     0x000017c8        0x0 build/memset.o
                                0x175 (size before relaxing)
 .debug_str     0x000017c8        0x0 build/system_stm32c0xx.o
                                0x2d8 (size before relaxing)
 .debug_str     0x000017c8        0x0 build/stm32c0xx_ll_gpio.o
                                0x3f0 (size before relaxing)
 .debug_str     0x000017c8        0x0 build/stm32c0xx_ll_utils.o
                                0x340 (size before relaxing)
 .debug_str     0x000017c8        0x0 build/stm32c0xx_ll_i2c.o
                                0x441 (size before relaxing)
 .debug_str     0x000017c8        0x0 build/stm32c0xx_ll_adc.o
                                0x636 (size before relaxing)
 .debug_str     0x000017c8        0x0 /opt/homebrew/Cellar/arm-none-eabi-gcc/16.1.0/lib/gcc/arm-none-eabi/16.1.0/thumb/v6-m/nofp/libgcc.a(_udivsi3.o)
                                 0xd5 (size before relaxing)
 .debug_str     0x000017c8        0x0 /opt/homebrew/Cellar/arm-none-eabi-gcc/16.1.0/lib/gcc/arm-none-eabi/16.1.0/thumb/v6-m/nofp/libgcc.a(_dvmd_tls.o)
                                 0xd6 (size before relaxing)

.comment        0x00000000       0x12
 .comment       0x00000000       0x12 build/main.o
                                 0x13 (size before relaxing)
 .comment       0x00000012        0x0 build/stm32c0xx_it.o
                                 0x13 (size before relaxing)
 .comment       0x00000012        0x0 build/crt_stub.o
                                 0x13 (size before relaxing)
 .comment       0x00000012        0x0 build/memset.o
                                 0x13 (size before relaxing)
 .comment       0x00000012        0x0 build/system_stm32c0xx.o
                                 0x13 (size before relaxing)
 .comment       0x00000012        0x0 build/stm32c0xx_ll_gpio.o
                                 0x13 (size before relaxing)
 .comment       0x00000012        0x0 build/stm32c0xx_ll_utils.o
                                 0x13 (size before relaxing)
 .comment       0x00000012        0x0 build/stm32c0xx_ll_i2c.o
                                 0x13 (size before relaxing)
 .comment       0x00000012        0x0 build/stm32c0xx_ll_adc.o
                                 0x13 (size before relaxing)

.debug_frame    0x00000000      0x3ec
 .debug_frame   0x00000000      0x128 build/main.o
 .debug_frame   0x00000128       0x88 build/stm32c0xx_it.o
 .debug_frame   0x000001b0       0x20 build/crt_stub.o
 .debug_frame   0x000001d0       0x28 build/memset.o
 .debug_frame   0x000001f8       0x30 build/system_stm32c0xx.o
 .debug_frame   0x00000228       0x50 build/stm32c0xx_ll_gpio.o
 .debug_frame   0x00000278       0x5c build/stm32c0xx_ll_utils.o
 .debug_frame   0x000002d4       0x4c build/stm32c0xx_ll_i2c.o
 .debug_frame   0x00000320       0xac build/stm32c0xx_ll_adc.o
 .debug_frame   0x000003cc       0x20 /opt/homebrew/Cellar/arm-none-eabi-gcc/16.1.0/lib/gcc/arm-none-eabi/16.1.0/thumb/v6-m/nofp/libgcc.a(_udivsi3.o)

.debug_line_str
                0x00000000       0xac
 .debug_line_str
                0x00000000       0xac /opt/homebrew/Cellar/arm-none-eabi-gcc/16.1.0/lib/gcc/arm-none-eabi/16.1.0/thumb/v6-m/nofp/libgcc.a(_udivsi3.o)
 .debug_line_str
                0x000000ac        0x0 /opt/homebrew/Cellar/arm-none-eabi-gcc/16.1.0/lib/gcc/arm-none-eabi/16.1.0/thumb/v6-m/nofp/libgcc.a(_dvmd_tls.o)
                                 0xac (size before relaxing)
